// Vitest Snapshot v1, https://vitest.dev/guide/snapshot.html

exports[`Materia router > byId 1`] = `null`;

exports[`Materia router > getPreviasById 1`] = `null`;
